
═══════════════════════════════════════════════════════════════════════════════
 ITERATION 1 │ 🎭 ralph │ 0s elapsed │ 1/150
═══════════════════════════════════════════════════════════════════════════════
[2m2026-01-20T22:40:31.324829Z[0m [32m INFO[0m [2mralph[0m[2m:[0m I'm Ralph. Let's do this.

═══════════════════════════════════════════════════════════════════════════════
 ITERATION 2 │ 🎭 ralph │ 0s elapsed │ 2/150
═══════════════════════════════════════════════════════════════════════════════

═══════════════════════════════════════════════════════════════════════════════
 ITERATION 3 │ 🎭 ralph │ 1s elapsed │ 3/150
═══════════════════════════════════════════════════════════════════════════════

═══════════════════════════════════════════════════════════════════════════════
 ITERATION 4 │ 🎭 ralph │ 2s elapsed │ 4/150
═══════════════════════════════════════════════════════════════════════════════

═══════════════════════════════════════════════════════════════════════════════
 ITERATION 5 │ 🎭 ralph │ 3s elapsed │ 5/150
═══════════════════════════════════════════════════════════════════════════════
[2m2026-01-20T22:40:35.881074Z[0m [32m INFO[0m [2mralph_core::event_loop[0m[2m:[0m Wrapping up: consecutive_failures. 5 iterations in 4s. [3mreason[0m[2m=[0mconsecutive_failures [3miterations[0m[2m=[0m5 [3mduration[0m[2m=[0m4s

+----------------------------------------------------------+
| ✗ Loop terminated: Too many consecutive failures
+----------------------------------------------------------+
|   Iterations:  5
|   Elapsed:     4.6s
+----------------------------------------------------------+
